// Jest Snapshot v1, https://goo.gl/fbAQLP

exports[`Should render correctly 1`] = `
<div>
  This is a sample App Component.
</div>
`;
